{
  "commands": [],
  "config": {
    "apiVersion": [
      2,
      18
    ],
    "protocolType": "python"
  },
  "errors": [
    {
      "detail": "TypeError [line 11]: ParameterContext.add_str() got an unexpected keyword argument 'unit'",
      "errorCode": "4000",
      "errorInfo": {},
      "errorType": "ExceptionInProtocolError",
      "isDefined": false,
      "wrappedErrors": [
        {
          "detail": "TypeError: ParameterContext.add_str() got an unexpected keyword argument 'unit'",
          "errorCode": "4000",
          "errorInfo": {
            "args": "(\"ParameterContext.add_str() got an unexpected keyword argument 'unit'\",)",
            "class": "TypeError",
            "traceback": "  File \"/usr/local/lib/python3.10/site-packages/opentrons/protocols/execution/execute_python.py\", line 80, in _parse_and_set_parameters\n    exec(\"add_parameters(__param_context)\", new_globs)\n\n  File \"<string>\", line 1, in <module>\n\n  File \"OT2_X_v2_18_None_None_StrRTPwith_unit.py\", line 11, in add_parameters\n"
          },
          "errorType": "PythonException",
          "isDefined": false,
          "wrappedErrors": []
        }
      ]
    }
  ],
  "files": [
    {
      "name": "OT2_X_v2_18_None_None_StrRTPwith_unit.py",
      "role": "main"
    },
    {
      "name": "cpx_4_tuberack_100ul.json",
      "role": "labware"
    },
    {
      "name": "opentrons_ot3_96_tiprack_1000ul_rss.json",
      "role": "labware"
    },
    {
      "name": "opentrons_ot3_96_tiprack_200ul_rss.json",
      "role": "labware"
    },
    {
      "name": "opentrons_ot3_96_tiprack_50ul_rss.json",
      "role": "labware"
    },
    {
      "name": "sample_labware.json",
      "role": "labware"
    }
  ],
  "labware": [],
  "liquids": [],
  "metadata": {
    "protocolName": "Str RTP with unit"
  },
  "modules": [],
  "pipettes": [],
  "result": "not-ok",
  "robotType": "OT-2 Standard",
  "runTimeParameters": []
}
