{
  "commands": [
    {
      "commandType": "home",
      "notes": [],
      "params": {},
      "result": {},
      "status": "succeeded"
    },
    {
      "commandType": "comment",
      "notes": [],
      "params": {
        "message": "variable min_max_all_fields has value 6"
      },
      "result": {},
      "status": "succeeded"
    },
    {
      "commandType": "comment",
      "notes": [],
      "params": {
        "message": "variable int_min_max_without_unit has value 1"
      },
      "result": {},
      "status": "succeeded"
    },
    {
      "commandType": "comment",
      "notes": [],
      "params": {
        "message": "variable int_min_max_without_description has value 1"
      },
      "result": {},
      "status": "succeeded"
    },
    {
      "commandType": "comment",
      "notes": [],
      "params": {
        "message": "variable int_min_max_without_unit_and_description has value 1"
      },
      "result": {},
      "status": "succeeded"
    },
    {
      "commandType": "comment",
      "notes": [],
      "params": {
        "message": "variable int_choices_all_fields has value 20"
      },
      "result": {},
      "status": "succeeded"
    },
    {
      "commandType": "comment",
      "notes": [],
      "params": {
        "message": "variable int_choice_no_unit has value 6"
      },
      "result": {},
      "status": "succeeded"
    },
    {
      "commandType": "comment",
      "notes": [],
      "params": {
        "message": "variable int_choice_no_unit_desc has value 10"
      },
      "result": {},
      "status": "succeeded"
    },
    {
      "commandType": "comment",
      "notes": [],
      "params": {
        "message": "variable float_min_max_all_fields has value 30.0"
      },
      "result": {},
      "status": "succeeded"
    },
    {
      "commandType": "comment",
      "notes": [],
      "params": {
        "message": "variable float_min_max_no_unit has value 1.8"
      },
      "result": {},
      "status": "succeeded"
    },
    {
      "commandType": "comment",
      "notes": [],
      "params": {
        "message": "variable float_min_max_no_unit_or_desc has value 1.8"
      },
      "result": {},
      "status": "succeeded"
    },
    {
      "commandType": "comment",
      "notes": [],
      "params": {
        "message": "variable float_choices_all_fields has value 20.0"
      },
      "result": {},
      "status": "succeeded"
    },
    {
      "commandType": "comment",
      "notes": [],
      "params": {
        "message": "variable float_choices_no_unit has value 10.0"
      },
      "result": {},
      "status": "succeeded"
    },
    {
      "commandType": "comment",
      "notes": [],
      "params": {
        "message": "variable float_choices_no_description has value 20.0"
      },
      "result": {},
      "status": "succeeded"
    },
    {
      "commandType": "comment",
      "notes": [],
      "params": {
        "message": "variable float_choices_no_unit_or_desc has value 20.0"
      },
      "result": {},
      "status": "succeeded"
    },
    {
      "commandType": "comment",
      "notes": [],
      "params": {
        "message": "variable bool_all_fields has value False"
      },
      "result": {},
      "status": "succeeded"
    },
    {
      "commandType": "comment",
      "notes": [],
      "params": {
        "message": "variable bool_no_desc has value False"
      },
      "result": {},
      "status": "succeeded"
    },
    {
      "commandType": "comment",
      "notes": [],
      "params": {
        "message": "variable str_choices_all_fields has value flex_1channel_50"
      },
      "result": {},
      "status": "succeeded"
    },
    {
      "commandType": "comment",
      "notes": [],
      "params": {
        "message": "variable str_choices_all_many_fields has value E"
      },
      "result": {},
      "status": "succeeded"
    },
    {
      "commandType": "comment",
      "notes": [],
      "params": {
        "message": "variable str_choices_no_desc has value flex_1channel_50"
      },
      "result": {},
      "status": "succeeded"
    }
  ],
  "config": {
    "apiVersion": [
      2,
      18
    ],
    "protocolType": "python"
  },
  "errors": [],
  "files": [
    {
      "name": "OT2_S_v2_18_NO_PIPETTES_GoldenRTP_OT2.py",
      "role": "main"
    },
    {
      "name": "cpx_4_tuberack_100ul.json",
      "role": "labware"
    },
    {
      "name": "opentrons_ot3_96_tiprack_1000ul_rss.json",
      "role": "labware"
    },
    {
      "name": "opentrons_ot3_96_tiprack_200ul_rss.json",
      "role": "labware"
    },
    {
      "name": "opentrons_ot3_96_tiprack_50ul_rss.json",
      "role": "labware"
    },
    {
      "name": "sample_labware.json",
      "role": "labware"
    }
  ],
  "labware": [],
  "liquids": [],
  "metadata": {
    "protocolName": "Golden RTP Examples OT2"
  },
  "modules": [],
  "pipettes": [],
  "result": "ok",
  "robotType": "OT-2 Standard",
  "runTimeParameters": [
    {
      "default": 6.0,
      "description": "Reused description for all parameters.",
      "displayName": "int min/max all",
      "max": 12.0,
      "min": 1.0,
      "suffix": "unit",
      "type": "int",
      "value": 6.0,
      "variableName": "min_max_all_fields"
    },
    {
      "default": 1.0,
      "description": "Reused description for all parameters.",
      "displayName": "int min/max no unit",
      "max": 3.0,
      "min": 1.0,
      "type": "int",
      "value": 1.0,
      "variableName": "int_min_max_without_unit"
    },
    {
      "default": 1.0,
      "displayName": "int min/max no description",
      "max": 3.0,
      "min": 1.0,
      "suffix": "unit",
      "type": "int",
      "value": 1.0,
      "variableName": "int_min_max_without_description"
    },
    {
      "default": 1.0,
      "displayName": "int min/max no unit,desc",
      "max": 3.0,
      "min": 1.0,
      "type": "int",
      "value": 1.0,
      "variableName": "int_min_max_without_unit_and_description"
    },
    {
      "choices": [
        {
          "displayName": "20",
          "value": 20
        },
        {
          "displayName": "16",
          "value": 16
        }
      ],
      "default": 20,
      "description": "Reused description for all parameters.",
      "displayName": "int choices all",
      "type": "int",
      "value": 20,
      "variableName": "int_choices_all_fields"
    },
    {
      "choices": [
        {
          "displayName": "1X",
          "value": 6
        },
        {
          "displayName": "2X",
          "value": 12
        }
      ],
      "default": 6,
      "description": "Reused description for all parameters.",
      "displayName": "int choice no unit",
      "type": "int",
      "value": 6,
      "variableName": "int_choice_no_unit"
    },
    {
      "choices": [
        {
          "displayName": "10X",
          "value": 10
        },
        {
          "displayName": "100X",
          "value": 100
        }
      ],
      "default": 10,
      "displayName": "int choice no unit, desc",
      "type": "int",
      "value": 10,
      "variableName": "int_choice_no_unit_desc"
    },
    {
      "default": 30.0,
      "description": "Reused description for all parameters.",
      "displayName": "float min/max all fields",
      "max": 30.0,
      "min": 20.0,
      "suffix": "unit",
      "type": "float",
      "value": 30.0,
      "variableName": "float_min_max_all_fields"
    },
    {
      "default": 1.8,
      "description": "Reused description for all parameters.",
      "displayName": "float min/max no unit",
      "max": 3.0,
      "min": 1.5,
      "type": "float",
      "value": 1.8,
      "variableName": "float_min_max_no_unit"
    },
    {
      "default": 1.8,
      "displayName": "float min/max no unit,desc",
      "max": 3.0,
      "min": 1.5,
      "type": "float",
      "value": 1.8,
      "variableName": "float_min_max_no_unit_or_desc"
    },
    {
      "choices": [
        {
          "displayName": "Low Volume (10.0µL)",
          "value": 10.0
        },
        {
          "displayName": "Medium Volume (20.0µL)",
          "value": 20.0
        },
        {
          "displayName": "High Volume (50.0µL)",
          "value": 50.0
        }
      ],
      "default": 20.0,
      "description": "Reused description for all parameters.",
      "displayName": "float choices all",
      "type": "float",
      "value": 20.0,
      "variableName": "float_choices_all_fields"
    },
    {
      "choices": [
        {
          "displayName": "Low Volume (10.0µL)",
          "value": 10.0
        },
        {
          "displayName": "High Volume (50.0µL)",
          "value": 50.0
        }
      ],
      "default": 10.0,
      "description": "Reused description for all parameters.",
      "displayName": "float choices no unit",
      "type": "float",
      "value": 10.0,
      "variableName": "float_choices_no_unit"
    },
    {
      "choices": [
        {
          "displayName": "Low Volume (10.0µL)",
          "value": 10.0
        },
        {
          "displayName": "Medium Volume (20.0µL)",
          "value": 20.0
        },
        {
          "displayName": "High Volume (50.0µL)",
          "value": 50.0
        }
      ],
      "default": 20.0,
      "displayName": "float choices no description",
      "type": "float",
      "value": 20.0,
      "variableName": "float_choices_no_description"
    },
    {
      "choices": [
        {
          "displayName": "Low Volume (10.0µL)",
          "value": 10.0
        },
        {
          "displayName": "Medium Volume (20.0µL)",
          "value": 20.0
        },
        {
          "displayName": "High Volume (50.0µL)",
          "value": 50.0
        }
      ],
      "default": 20.0,
      "displayName": "float choices no unit,desc",
      "type": "float",
      "value": 20.0,
      "variableName": "float_choices_no_unit_or_desc"
    },
    {
      "default": false,
      "description": "When on, skip aspirate and dispense steps.",
      "displayName": "bool all fields",
      "type": "bool",
      "value": false,
      "variableName": "bool_all_fields"
    },
    {
      "default": false,
      "displayName": "bool no description",
      "type": "bool",
      "value": false,
      "variableName": "bool_no_desc"
    },
    {
      "choices": [
        {
          "displayName": "Single channel 50µL",
          "value": "flex_1channel_50"
        },
        {
          "displayName": "Eight Channel 50µL",
          "value": "flex_8channel_50"
        }
      ],
      "default": "flex_1channel_50",
      "description": "What pipette to use during the protocol.",
      "displayName": "str choices all",
      "type": "str",
      "value": "flex_1channel_50",
      "variableName": "str_choices_all_fields"
    },
    {
      "choices": [
        {
          "displayName": "A",
          "value": "A"
        },
        {
          "displayName": "B",
          "value": "B"
        },
        {
          "displayName": "C",
          "value": "C"
        },
        {
          "displayName": "D",
          "value": "D"
        },
        {
          "displayName": "E",
          "value": "E"
        },
        {
          "displayName": "F",
          "value": "F"
        }
      ],
      "default": "E",
      "description": "Reused description for all parameters.",
      "displayName": "str choices all many",
      "type": "str",
      "value": "E",
      "variableName": "str_choices_all_many_fields"
    },
    {
      "choices": [
        {
          "displayName": "Single channel 50µL",
          "value": "flex_1channel_50"
        },
        {
          "displayName": "Eight Channel 50µL",
          "value": "flex_8channel_50"
        }
      ],
      "default": "flex_1channel_50",
      "displayName": "str choices no desc",
      "type": "str",
      "value": "flex_1channel_50",
      "variableName": "str_choices_no_desc"
    }
  ]
}
