{
  "commands": [],
  "config": {
    "apiVersion": [
      2,
      13
    ],
    "protocolType": "python"
  },
  "errors": [
    {
      "detail": "No module named 'superspecialmagic'",
      "errorCode": "4000",
      "errorInfo": {},
      "errorType": "UnexpectedAnalysisError",
      "isDefined": false,
      "wrappedErrors": [
        {
          "detail": "ModuleNotFoundError: No module named 'superspecialmagic'",
          "errorCode": "4000",
          "errorInfo": {
            "args": "(\"No module named 'superspecialmagic'\",)",
            "class": "ModuleNotFoundError",
            "msg": "No module named 'superspecialmagic'",
            "name": "superspecialmagic",
            "path": "None",
            "traceback": "  File \"/usr/local/lib/python3.10/site-packages/opentrons/cli/analyze.py\", line 250, in _do_analyze\n    await runner.load(\n\n  File \"/usr/local/lib/python3.10/site-packages/opentrons/protocol_runner/protocol_runner.py\", line 200, in load\n    self._protocol_executor.extract_run_parameters(\n\n  File \"/usr/local/lib/python3.10/site-packages/opentrons/protocol_runner/python_protocol_wrappers.py\", line 167, in extract_run_parameters\n    return exec_add_parameters(\n\n  File \"/usr/local/lib/python3.10/site-packages/opentrons/protocols/execution/execute_python.py\", line 111, in exec_add_parameters\n    exec(protocol.contents, new_globs)\n\n  File \"OT2_X_v2_13_None_None_PythonSyntaxError.py\", line 4, in <module>\n"
          },
          "errorType": "PythonException",
          "isDefined": false,
          "wrappedErrors": []
        }
      ]
    }
  ],
  "files": [
    {
      "name": "OT2_X_v2_13_None_None_PythonSyntaxError.py",
      "role": "main"
    },
    {
      "name": "cpx_4_tuberack_100ul.json",
      "role": "labware"
    },
    {
      "name": "opentrons_ot3_96_tiprack_1000ul_rss.json",
      "role": "labware"
    },
    {
      "name": "opentrons_ot3_96_tiprack_200ul_rss.json",
      "role": "labware"
    },
    {
      "name": "opentrons_ot3_96_tiprack_50ul_rss.json",
      "role": "labware"
    },
    {
      "name": "sample_labware.json",
      "role": "labware"
    }
  ],
  "labware": [],
  "liquids": [],
  "metadata": {
    "apiLevel": "2.13",
    "author": "Opentrons Engineering <engineering@opentrons.com>",
    "description": "import superspecialmagic",
    "protocolName": "bad import",
    "source": "Software Testing Team"
  },
  "modules": [],
  "pipettes": [],
  "result": "not-ok",
  "robotType": "OT-2 Standard",
  "runTimeParameters": []
}
