{
  "commands": [
    {
      "commandType": "home",
      "notes": [],
      "params": {},
      "result": {},
      "status": "succeeded"
    },
    {
      "commandType": "loadModule",
      "error": {
        "detail": "ValueError: A temperatureModuleType cannot be loaded into slot C2",
        "errorCode": "4000",
        "errorInfo": {
          "args": "('A temperatureModuleType cannot be loaded into slot C2',)",
          "class": "ValueError",
          "traceback": "  File \"/usr/local/lib/python3.10/site-packages/opentrons/protocol_engine/execution/command_executor.py\", line 146, in execute\n    result = await command_impl.execute(\n\n  File \"/usr/local/lib/python3.10/site-packages/opentrons/protocol_engine/commands/load_module.py\", line 121, in execute\n    self._ensure_module_location(params.location.slotName, module_type)\n\n  File \"/usr/local/lib/python3.10/site-packages/opentrons/protocol_engine/commands/load_module.py\", line 184, in _ensure_module_location\n    raise ValueError(\n"
        },
        "errorType": "PythonException",
        "isDefined": false,
        "wrappedErrors": []
      },
      "notes": [],
      "params": {
        "location": {
          "slotName": "C2"
        },
        "model": "temperatureModuleV2"
      },
      "status": "failed"
    }
  ],
  "config": {
    "apiVersion": [
      2,
      16
    ],
    "protocolType": "python"
  },
  "errors": [
    {
      "detail": "ProtocolCommandFailedError [line 15]: Error 4000 GENERAL_ERROR (ProtocolCommandFailedError): PythonException: ValueError: A temperatureModuleType cannot be loaded into slot C2",
      "errorCode": "4000",
      "errorInfo": {},
      "errorType": "ExceptionInProtocolError",
      "isDefined": false,
      "wrappedErrors": [
        {
          "detail": "PythonException: ValueError: A temperatureModuleType cannot be loaded into slot C2",
          "errorCode": "4000",
          "errorInfo": {},
          "errorType": "ProtocolCommandFailedError",
          "isDefined": false,
          "wrappedErrors": [
            {
              "detail": "ValueError: A temperatureModuleType cannot be loaded into slot C2",
              "errorCode": "4000",
              "errorInfo": {
                "args": "('A temperatureModuleType cannot be loaded into slot C2',)",
                "class": "ValueError",
                "traceback": "  File \"/usr/local/lib/python3.10/site-packages/opentrons/protocol_engine/execution/command_executor.py\", line 146, in execute\n    result = await command_impl.execute(\n\n  File \"/usr/local/lib/python3.10/site-packages/opentrons/protocol_engine/commands/load_module.py\", line 121, in execute\n    self._ensure_module_location(params.location.slotName, module_type)\n\n  File \"/usr/local/lib/python3.10/site-packages/opentrons/protocol_engine/commands/load_module.py\", line 184, in _ensure_module_location\n    raise ValueError(\n"
              },
              "errorType": "PythonException",
              "isDefined": false,
              "wrappedErrors": []
            }
          ]
        }
      ]
    }
  ],
  "files": [
    {
      "name": "Flex_X_v2_16_NO_PIPETTES_TM_ModuleInCol2.py",
      "role": "main"
    },
    {
      "name": "cpx_4_tuberack_100ul.json",
      "role": "labware"
    },
    {
      "name": "opentrons_ot3_96_tiprack_1000ul_rss.json",
      "role": "labware"
    },
    {
      "name": "opentrons_ot3_96_tiprack_200ul_rss.json",
      "role": "labware"
    },
    {
      "name": "opentrons_ot3_96_tiprack_50ul_rss.json",
      "role": "labware"
    },
    {
      "name": "sample_labware.json",
      "role": "labware"
    }
  ],
  "labware": [],
  "liquids": [],
  "metadata": {
    "author": "Derek Maggio <derek.maggio@opentrons.com>",
    "protocolName": "QA Protocol - Analysis Error - Module in Column 2"
  },
  "modules": [],
  "pipettes": [],
  "result": "not-ok",
  "robotType": "OT-3 Standard",
  "runTimeParameters": []
}
