{
  "commands": [
    {
      "commandType": "home",
      "notes": [],
      "params": {},
      "result": {},
      "status": "succeeded"
    }
  ],
  "config": {
    "apiVersion": [
      2,
      16
    ],
    "protocolType": "python"
  },
  "errors": [
    {
      "detail": "APIVersionError [line 15]: Fixed Trash is not supported on Flex protocols in API Version 2.16 and above.",
      "errorCode": "4000",
      "errorInfo": {},
      "errorType": "ExceptionInProtocolError",
      "isDefined": false,
      "wrappedErrors": [
        {
          "detail": "opentrons.protocols.api_support.util.APIVersionError: Fixed Trash is not supported on Flex protocols in API Version 2.16 and above.",
          "errorCode": "4000",
          "errorInfo": {
            "args": "('Fixed Trash is not supported on Flex protocols in API Version 2.16 and above.',)",
            "class": "APIVersionError",
            "traceback": "  File \"/usr/local/lib/python3.10/site-packages/opentrons/protocols/execution/execute_python.py\", line 147, in exec_run\n    exec(\"run(__context)\", new_globs)\n\n  File \"<string>\", line 1, in <module>\n\n  File \"Flex_X_v2_16_NO_PIPETTES_AccessToFixedTrashProp.py\", line 15, in run\n\n  File \"/usr/local/lib/python3.10/site-packages/opentrons/protocols/api_support/util.py\", line 383, in _check_version_wrapper\n    return decorated_obj(*args, **kwargs)\n\n  File \"/usr/local/lib/python3.10/site-packages/opentrons/protocol_api/protocol_context.py\", line 1130, in fixed_trash\n    raise APIVersionError(\n"
          },
          "errorType": "PythonException",
          "isDefined": false,
          "wrappedErrors": []
        }
      ]
    }
  ],
  "files": [
    {
      "name": "Flex_X_v2_16_NO_PIPETTES_AccessToFixedTrashProp.py",
      "role": "main"
    },
    {
      "name": "cpx_4_tuberack_100ul.json",
      "role": "labware"
    },
    {
      "name": "opentrons_ot3_96_tiprack_1000ul_rss.json",
      "role": "labware"
    },
    {
      "name": "opentrons_ot3_96_tiprack_200ul_rss.json",
      "role": "labware"
    },
    {
      "name": "opentrons_ot3_96_tiprack_50ul_rss.json",
      "role": "labware"
    },
    {
      "name": "sample_labware.json",
      "role": "labware"
    }
  ],
  "labware": [],
  "liquids": [],
  "metadata": {
    "author": "Derek Maggio <derek.maggio@opentrons.com>",
    "protocolName": "QA Protocol - Analysis Error - Access to Fixed Trash Property"
  },
  "modules": [],
  "pipettes": [],
  "result": "not-ok",
  "robotType": "OT-3 Standard",
  "runTimeParameters": []
}
