{
  "commands": [],
  "config": {
    "apiVersion": [
      2,
      18
    ],
    "protocolType": "python"
  },
  "errors": [
    {
      "detail": "ParameterNameError [line 28]: \"variable_a\" is already defined as a variable name for another parameter. All variable names must be unique.",
      "errorCode": "4000",
      "errorInfo": {},
      "errorType": "ExceptionInProtocolError",
      "isDefined": false,
      "wrappedErrors": [
        {
          "detail": "opentrons.protocols.parameters.exceptions.ParameterNameError: \"variable_a\" is already defined as a variable name for another parameter. All variable names must be unique.",
          "errorCode": "4000",
          "errorInfo": {
            "args": "('\"variable_a\" is already defined as a variable name for another parameter. All variable names must be unique.',)",
            "class": "ParameterNameError",
            "traceback": "  File \"/usr/local/lib/python3.10/site-packages/opentrons/protocols/execution/execute_python.py\", line 80, in _parse_and_set_parameters\n    exec(\"add_parameters(__param_context)\", new_globs)\n\n  File \"<string>\", line 1, in <module>\n\n  File \"OT2_X_v2_18_None_None_duplicateRTPVariableName.py\", line 28, in add_parameters\n\n  File \"/usr/local/lib/python3.10/site-packages/opentrons/protocol_api/_parameter_context.py\", line 61, in add_int\n    validation.validate_variable_name_unique(variable_name, set(self._parameters))\n\n  File \"/usr/local/lib/python3.10/site-packages/opentrons/protocols/parameters/validation.py\", line 25, in validate_variable_name_unique\n    raise ParameterNameError(\n"
          },
          "errorType": "PythonException",
          "isDefined": false,
          "wrappedErrors": []
        }
      ]
    }
  ],
  "files": [
    {
      "name": "OT2_X_v2_18_None_None_duplicateRTPVariableName.py",
      "role": "main"
    },
    {
      "name": "cpx_4_tuberack_100ul.json",
      "role": "labware"
    },
    {
      "name": "opentrons_ot3_96_tiprack_1000ul_rss.json",
      "role": "labware"
    },
    {
      "name": "opentrons_ot3_96_tiprack_200ul_rss.json",
      "role": "labware"
    },
    {
      "name": "opentrons_ot3_96_tiprack_50ul_rss.json",
      "role": "labware"
    },
    {
      "name": "sample_labware.json",
      "role": "labware"
    }
  ],
  "labware": [],
  "liquids": [],
  "metadata": {
    "protocolName": "Multiple RTP Variables with Same Name"
  },
  "modules": [],
  "pipettes": [],
  "result": "not-ok",
  "robotType": "OT-2 Standard",
  "runTimeParameters": []
}
