{
  "commands": [],
  "config": {
    "apiVersion": [
      2,
      18
    ],
    "protocolType": "python"
  },
  "errors": [
    {
      "detail": "ParameterDefinitionError [line 95]: Minimum is type 'str', but must be of parameter type 'int'",
      "errorCode": "4000",
      "errorInfo": {},
      "errorType": "ExceptionInProtocolError",
      "isDefined": false,
      "wrappedErrors": [
        {
          "detail": "opentrons.protocols.parameters.exceptions.ParameterDefinitionError: Minimum is type 'str', but must be of parameter type 'int'",
          "errorCode": "4000",
          "errorInfo": {
            "args": "(\"Minimum is type 'str', but must be of parameter type 'int'\",)",
            "class": "ParameterDefinitionError",
            "traceback": "  File \"/usr/local/lib/python3.10/site-packages/opentrons/protocols/execution/execute_python.py\", line 80, in _parse_and_set_parameters\n    exec(\"add_parameters(__param_context)\", new_globs)\n\n  File \"<string>\", line 1, in <module>\n\n  File \"Flex_X_v2_18_NO_PIPETTES_Overrides_BadTypesInRTP_Override_wrong_type_in_minimum.py\", line 95, in add_parameters\n\n  File \"/usr/local/lib/python3.10/site-packages/opentrons/protocol_api/_parameter_context.py\", line 62, in add_int\n    parameter = parameter_definition.create_int_parameter(\n\n  File \"/usr/local/lib/python3.10/site-packages/opentrons/protocols/parameters/parameter_definition.py\", line 202, in create_int_parameter\n    return ParameterDefinition(\n\n  File \"/usr/local/lib/python3.10/site-packages/opentrons/protocols/parameters/parameter_definition.py\", line 97, in __init__\n    validation.validate_options(default, minimum, maximum, choices, parameter_type)\n\n  File \"/usr/local/lib/python3.10/site-packages/opentrons/protocols/parameters/validation.py\", line 267, in validate_options\n    _validate_min_and_max(minimum, maximum, parameter_type)\n\n  File \"/usr/local/lib/python3.10/site-packages/opentrons/protocols/parameters/validation.py\", line 214, in _validate_min_and_max\n    raise ParameterDefinitionError(\n"
          },
          "errorType": "PythonException",
          "isDefined": false,
          "wrappedErrors": []
        }
      ]
    }
  ],
  "files": [
    {
      "name": "Flex_X_v2_18_NO_PIPETTES_Overrides_BadTypesInRTP_Override_wrong_type_in_minimum.py",
      "role": "main"
    },
    {
      "name": "cpx_4_tuberack_100ul.json",
      "role": "labware"
    },
    {
      "name": "opentrons_ot3_96_tiprack_1000ul_rss.json",
      "role": "labware"
    },
    {
      "name": "opentrons_ot3_96_tiprack_200ul_rss.json",
      "role": "labware"
    },
    {
      "name": "opentrons_ot3_96_tiprack_50ul_rss.json",
      "role": "labware"
    },
    {
      "name": "sample_labware.json",
      "role": "labware"
    }
  ],
  "labware": [],
  "liquids": [],
  "metadata": {
    "protocolName": "Description Too Long 2.18"
  },
  "modules": [],
  "pipettes": [],
  "result": "not-ok",
  "robotType": "OT-3 Standard",
  "runTimeParameters": []
}
