{
  "commands": [
    {
      "commandType": "home",
      "notes": [],
      "params": {},
      "result": {},
      "status": "succeeded"
    },
    {
      "commandType": "loadModule",
      "notes": [],
      "params": {
        "location": {
          "slotName": "B1"
        },
        "model": "thermocyclerModuleV2"
      },
      "result": {
        "definition": {
          "calibrationPoint": {
            "x": 14.4,
            "y": 64.93,
            "z": 97.8
          },
          "compatibleWith": [],
          "dimensions": {
            "bareOverallHeight": 108.96,
            "lidHeight": 61.7,
            "overLabwareHeight": 0.0
          },
          "displayName": "Thermocycler Module GEN2",
          "gripperOffsets": {
            "default": {
              "dropOffset": {
                "x": 0.0,
                "y": 0.0,
                "z": 5.6
              },
              "pickUpOffset": {
                "x": 0.0,
                "y": 0.0,
                "z": 4.6
              }
            }
          },
          "labwareOffset": {
            "x": 0.0,
            "y": 68.8,
            "z": 108.96
          },
          "model": "thermocyclerModuleV2",
          "moduleType": "thermocyclerModuleType",
          "otSharedSchema": "module/schemas/2",
          "quirks": [],
          "slotTransforms": {
            "ot3_standard": {
              "B1": {
                "cornerOffsetFromSlot": [
                  [
                    -98,
                    0,
                    0,
                    1
                  ],
                  [
                    -20.005,
                    0,
                    0,
                    1
                  ],
                  [
                    -0.84,
                    0,
                    0,
                    1
                  ],
                  [
                    0,
                    0,
                    0,
                    1
                  ]
                ],
                "labwareOffset": [
                  [
                    -98,
                    0,
                    0,
                    1
                  ],
                  [
                    -20.005,
                    0,
                    0,
                    1
                  ],
                  [
                    -0.84,
                    0,
                    0,
                    1
                  ],
                  [
                    0,
                    0,
                    0,
                    1
                  ]
                ]
              }
            }
          }
        },
        "model": "thermocyclerModuleV2"
      },
      "status": "succeeded"
    }
  ],
  "config": {
    "apiVersion": [
      2,
      16
    ],
    "protocolType": "python"
  },
  "errors": [
    {
      "detail": "DeckConflictError [line 13]: thermocyclerModuleV2 in slot B1 prevents trash bin from using slot A1.",
      "errorCode": "4000",
      "errorInfo": {},
      "errorType": "ExceptionInProtocolError",
      "isDefined": false,
      "wrappedErrors": [
        {
          "detail": "opentrons.motion_planning.deck_conflict.DeckConflictError: thermocyclerModuleV2 in slot B1 prevents trash bin from using slot A1.",
          "errorCode": "4000",
          "errorInfo": {
            "args": "('thermocyclerModuleV2 in slot B1 prevents trash bin from using slot A1.',)",
            "class": "DeckConflictError",
            "traceback": "  File \"/usr/local/lib/python3.10/site-packages/opentrons/protocols/execution/execute_python.py\", line 147, in exec_run\n    exec(\"run(__context)\", new_globs)\n\n  File \"<string>\", line 1, in <module>\n\n  File \"Flex_X_v2_16_NO_PIPETTES_TC_TrashBinAndThermocyclerConflict.py\", line 13, in run\n\n  File \"/usr/local/lib/python3.10/site-packages/opentrons/protocols/api_support/util.py\", line 383, in _check_version_wrapper\n    return decorated_obj(*args, **kwargs)\n\n  File \"/usr/local/lib/python3.10/site-packages/opentrons/protocol_api/protocol_context.py\", line 530, in load_trash_bin\n    trash_bin = self._core.load_trash_bin(slot_name, addressable_area_name)\n\n  File \"/usr/local/lib/python3.10/site-packages/opentrons/protocol_api/core/engine/protocol.py\", line 541, in load_trash_bin\n    self._add_disposal_location_to_engine(trash_bin)\n\n  File \"/usr/local/lib/python3.10/site-packages/opentrons/protocol_api/core/engine/protocol.py\", line 150, in _add_disposal_location_to_engine\n    deck_conflict.check(\n\n  File \"/usr/local/lib/python3.10/site-packages/opentrons/protocol_api/core/engine/deck_conflict.py\", line 203, in check\n    wrapped_deck_conflict.check(\n\n  File \"/usr/local/lib/python3.10/site-packages/opentrons/motion_planning/deck_conflict.py\", line 210, in check\n    raise DeckConflictError(\n"
          },
          "errorType": "PythonException",
          "isDefined": false,
          "wrappedErrors": []
        }
      ]
    }
  ],
  "files": [
    {
      "name": "Flex_X_v2_16_NO_PIPETTES_TC_TrashBinAndThermocyclerConflict.py",
      "role": "main"
    },
    {
      "name": "cpx_4_tuberack_100ul.json",
      "role": "labware"
    },
    {
      "name": "opentrons_ot3_96_tiprack_1000ul_rss.json",
      "role": "labware"
    },
    {
      "name": "opentrons_ot3_96_tiprack_200ul_rss.json",
      "role": "labware"
    },
    {
      "name": "opentrons_ot3_96_tiprack_50ul_rss.json",
      "role": "labware"
    },
    {
      "name": "sample_labware.json",
      "role": "labware"
    }
  ],
  "labware": [],
  "liquids": [],
  "metadata": {
    "protocolName": "Thermocycler conflict 1"
  },
  "modules": [
    {
      "location": {
        "slotName": "B1"
      },
      "model": "thermocyclerModuleV2"
    }
  ],
  "pipettes": [],
  "result": "not-ok",
  "robotType": "OT-3 Standard",
  "runTimeParameters": []
}
