{
  "commands": [
    {
      "commandType": "home",
      "notes": [],
      "params": {},
      "result": {},
      "status": "succeeded"
    },
    {
      "commandType": "loadLabware",
      "notes": [],
      "params": {
        "loadName": "nest_1_reservoir_290ml",
        "location": {
          "addressableAreaName": "C4"
        },
        "namespace": "opentrons",
        "version": 1
      },
      "result": {
        "definition": {
          "allowedRoles": [],
          "brand": {
            "brand": "NEST",
            "brandId": [
              "360206",
              "360266"
            ],
            "links": [
              "https://www.nest-biotech.com/reagent-reserviors"
            ]
          },
          "cornerOffsetFromSlot": {
            "x": 0,
            "y": 0,
            "z": 0
          },
          "dimensions": {
            "xDimension": 127.76,
            "yDimension": 85.47,
            "zDimension": 44.4
          },
          "gripperOffsets": {},
          "groups": [
            {
              "metadata": {
                "wellBottomShape": "v"
              },
              "wells": [
                "A1"
              ]
            }
          ],
          "liquidProbeParameters": {
            "minimumHeight": [
              {
                "applicableWells": [],
                "value": 0.5
              }
            ],
            "minimumWellVolume": [
              {
                "applicableWells": [],
                "value": 0.0
              }
            ]
          },
          "metadata": {
            "displayCategory": "reservoir",
            "displayName": "NEST 1 Well Reservoir 290 mL",
            "displayVolumeUnits": "mL",
            "tags": []
          },
          "namespace": "opentrons",
          "ordering": [
            [
              "A1"
            ]
          ],
          "parameters": {
            "format": "trough",
            "isMagneticModuleCompatible": false,
            "isTiprack": false,
            "loadName": "nest_1_reservoir_290ml",
            "quirks": [
              "centerMultichannelOnWells",
              "touchTipDisabled"
            ]
          },
          "schemaVersion": 2,
          "stackingOffsetWithLabware": {},
          "stackingOffsetWithModule": {},
          "version": 1,
          "wells": {
            "A1": {
              "depth": 39.55,
              "shape": "rectangular",
              "totalLiquidVolume": 290000,
              "x": 63.88,
              "xDimension": 106.8,
              "y": 42.74,
              "yDimension": 71.2,
              "z": 4.85
            }
          }
        }
      },
      "status": "succeeded"
    },
    {
      "commandType": "loadModule",
      "error": {
        "detail": "Cannot use Temperature Module in C3, not compatible with one or more of the following fixtures: Slot C4",
        "errorCode": "4000",
        "errorInfo": {},
        "errorType": "IncompatibleAddressableAreaError",
        "isDefined": false,
        "wrappedErrors": []
      },
      "notes": [],
      "params": {
        "location": {
          "slotName": "C3"
        },
        "model": "temperatureModuleV2"
      },
      "status": "failed"
    }
  ],
  "config": {
    "apiVersion": [
      2,
      16
    ],
    "protocolType": "python"
  },
  "errors": [
    {
      "detail": "ProtocolCommandFailedError [line 17]: Error 4000 GENERAL_ERROR (ProtocolCommandFailedError): IncompatibleAddressableAreaError: Cannot use Temperature Module in C3, not compatible with one or more of the following fixtures: Slot C4",
      "errorCode": "4000",
      "errorInfo": {},
      "errorType": "ExceptionInProtocolError",
      "isDefined": false,
      "wrappedErrors": [
        {
          "detail": "IncompatibleAddressableAreaError: Cannot use Temperature Module in C3, not compatible with one or more of the following fixtures: Slot C4",
          "errorCode": "4000",
          "errorInfo": {},
          "errorType": "ProtocolCommandFailedError",
          "isDefined": false,
          "wrappedErrors": [
            {
              "detail": "Cannot use Temperature Module in C3, not compatible with one or more of the following fixtures: Slot C4",
              "errorCode": "4000",
              "errorInfo": {},
              "errorType": "IncompatibleAddressableAreaError",
              "isDefined": false,
              "wrappedErrors": []
            }
          ]
        }
      ]
    }
  ],
  "files": [
    {
      "name": "Flex_X_v2_16_NO_PIPETTES_TM_ModuleInStagingAreaCol3.py",
      "role": "main"
    },
    {
      "name": "cpx_4_tuberack_100ul.json",
      "role": "labware"
    },
    {
      "name": "opentrons_ot3_96_tiprack_1000ul_rss.json",
      "role": "labware"
    },
    {
      "name": "opentrons_ot3_96_tiprack_200ul_rss.json",
      "role": "labware"
    },
    {
      "name": "opentrons_ot3_96_tiprack_50ul_rss.json",
      "role": "labware"
    },
    {
      "name": "sample_labware.json",
      "role": "labware"
    }
  ],
  "labware": [
    {
      "definitionUri": "opentrons/nest_1_reservoir_290ml/1",
      "loadName": "nest_1_reservoir_290ml",
      "location": {
        "addressableAreaName": "C4"
      }
    }
  ],
  "liquids": [],
  "metadata": {
    "author": "Derek Maggio <derek.maggio@opentrons.com>",
    "protocolName": "QA Protocol - Analysis Error - Module in Staging Area Column 3"
  },
  "modules": [],
  "pipettes": [],
  "result": "not-ok",
  "robotType": "OT-3 Standard",
  "runTimeParameters": []
}
