{
  "commands": [],
  "config": {
    "apiVersion": [
      2,
      18
    ],
    "protocolType": "python"
  },
  "errors": [
    {
      "detail": "ParameterNameError [line 51]: Display name must be a string and at most 30 characters.",
      "errorCode": "4000",
      "errorInfo": {},
      "errorType": "ExceptionInProtocolError",
      "isDefined": false,
      "wrappedErrors": [
        {
          "detail": "opentrons.protocols.parameters.exceptions.ParameterNameError: Display name must be a string and at most 30 characters.",
          "errorCode": "4000",
          "errorInfo": {
            "args": "('Display name must be a string and at most 30 characters.',)",
            "class": "ParameterNameError",
            "traceback": "  File \"/usr/local/lib/python3.10/site-packages/opentrons/protocols/execution/execute_python.py\", line 80, in _parse_and_set_parameters\n    exec(\"add_parameters(__param_context)\", new_globs)\n\n  File \"<string>\", line 1, in <module>\n\n  File \"Flex_X_v2_18_NO_PIPETTES_Overrides_BadTypesInRTP_Override_wrong_type_in_choice_display_name.py\", line 51, in add_parameters\n\n  File \"/usr/local/lib/python3.10/site-packages/opentrons/protocol_api/_parameter_context.py\", line 158, in add_str\n    parameter = parameter_definition.create_str_parameter(\n\n  File \"/usr/local/lib/python3.10/site-packages/opentrons/protocols/parameters/parameter_definition.py\", line 265, in create_str_parameter\n    return ParameterDefinition(\n\n  File \"/usr/local/lib/python3.10/site-packages/opentrons/protocols/parameters/parameter_definition.py\", line 97, in __init__\n    validation.validate_options(default, minimum, maximum, choices, parameter_type)\n\n  File \"/usr/local/lib/python3.10/site-packages/opentrons/protocols/parameters/validation.py\", line 265, in validate_options\n    _validate_choices(minimum, maximum, choices, parameter_type)\n\n  File \"/usr/local/lib/python3.10/site-packages/opentrons/protocols/parameters/validation.py\", line 190, in _validate_choices\n    ensure_display_name(display_name)\n\n  File \"/usr/local/lib/python3.10/site-packages/opentrons/protocols/parameters/validation.py\", line 34, in ensure_display_name\n    raise ParameterNameError(\n"
          },
          "errorType": "PythonException",
          "isDefined": false,
          "wrappedErrors": []
        }
      ]
    }
  ],
  "files": [
    {
      "name": "Flex_X_v2_18_NO_PIPETTES_Overrides_BadTypesInRTP_Override_wrong_type_in_choice_display_name.py",
      "role": "main"
    },
    {
      "name": "cpx_4_tuberack_100ul.json",
      "role": "labware"
    },
    {
      "name": "opentrons_ot3_96_tiprack_1000ul_rss.json",
      "role": "labware"
    },
    {
      "name": "opentrons_ot3_96_tiprack_200ul_rss.json",
      "role": "labware"
    },
    {
      "name": "opentrons_ot3_96_tiprack_50ul_rss.json",
      "role": "labware"
    },
    {
      "name": "sample_labware.json",
      "role": "labware"
    }
  ],
  "labware": [],
  "liquids": [],
  "metadata": {
    "protocolName": "Description Too Long 2.18"
  },
  "modules": [],
  "pipettes": [],
  "result": "not-ok",
  "robotType": "OT-3 Standard",
  "runTimeParameters": []
}
