{
  "commands": [
    {
      "commandType": "home",
      "notes": [],
      "params": {},
      "result": {},
      "status": "succeeded"
    }
  ],
  "config": {
    "apiVersion": [
      2,
      16
    ],
    "protocolType": "python"
  },
  "errors": [
    {
      "detail": "ValueError [line 15]: Cannot load a module onto a staging slot.",
      "errorCode": "4000",
      "errorInfo": {},
      "errorType": "ExceptionInProtocolError",
      "isDefined": false,
      "wrappedErrors": [
        {
          "detail": "ValueError: Cannot load a module onto a staging slot.",
          "errorCode": "4000",
          "errorInfo": {
            "args": "('Cannot load a module onto a staging slot.',)",
            "class": "ValueError",
            "traceback": "  File \"/usr/local/lib/python3.10/site-packages/opentrons/protocols/execution/execute_python.py\", line 147, in exec_run\n    exec(\"run(__context)\", new_globs)\n\n  File \"<string>\", line 1, in <module>\n\n  File \"Flex_X_v2_16_NO_PIPETTES_TM_ModuleInStagingAreaCol4.py\", line 15, in run\n\n  File \"/usr/local/lib/python3.10/site-packages/opentrons/protocols/api_support/util.py\", line 383, in _check_version_wrapper\n    return decorated_obj(*args, **kwargs)\n\n  File \"/usr/local/lib/python3.10/site-packages/opentrons/protocol_api/protocol_context.py\", line 824, in load_module\n    raise ValueError(\"Cannot load a module onto a staging slot.\")\n"
          },
          "errorType": "PythonException",
          "isDefined": false,
          "wrappedErrors": []
        }
      ]
    }
  ],
  "files": [
    {
      "name": "Flex_X_v2_16_NO_PIPETTES_TM_ModuleInStagingAreaCol4.py",
      "role": "main"
    },
    {
      "name": "cpx_4_tuberack_100ul.json",
      "role": "labware"
    },
    {
      "name": "opentrons_ot3_96_tiprack_1000ul_rss.json",
      "role": "labware"
    },
    {
      "name": "opentrons_ot3_96_tiprack_200ul_rss.json",
      "role": "labware"
    },
    {
      "name": "opentrons_ot3_96_tiprack_50ul_rss.json",
      "role": "labware"
    },
    {
      "name": "sample_labware.json",
      "role": "labware"
    }
  ],
  "labware": [],
  "liquids": [],
  "metadata": {
    "author": "Derek Maggio <derek.maggio@opentrons.com>",
    "protocolName": "QA Protocol - Analysis Error - Module in Staging Area Column 4"
  },
  "modules": [],
  "pipettes": [],
  "result": "not-ok",
  "robotType": "OT-3 Standard",
  "runTimeParameters": []
}
